[2025-06-26 10:01:29] WARN: FileStorage failed to connect to CustomerService on port 8080
[2025-06-26 10:01:56] WARN: AdminConsole failed to connect to MobileClient on port 5672
[2025-06-26 10:01:14] INFO: AdminConsole connected to CustomerService on port 8080
[2025-06-26 10:01:10] WARN: AdminConsole failed to connect to PushNotifier on port 443
[2025-06-26 10:01:39] WARN: CustomerService failed to connect to NotificationEngine on port 8080
[2025-06-26 10:01:25] INFO: MobileClient connected to FileStorage on port 443
[2025-06-26 10:01:31] INFO: AnalyticsEngine connected to EmailService on port 5672
[2025-06-26 10:01:55] WARN: SearchService failed to connect to PushNotifier on port 5672
[2025-06-26 10:01:58] WARN: NotificationEngine failed to connect to WebPortal on port 443
[2025-06-26 10:01:25] INFO: MobileClient connected to DataWarehouse on port 8080
[2025-06-26 10:01:45] INFO: SearchService connected to WebPortal on port 5672
[2025-06-26 10:01:58] INFO: CustomerService connected to AuthGateway on port 443
[2025-06-26 10:01:49] WARN: SearchService failed to connect to WebPortal on port 443
[2025-06-26 10:01:26] INFO: CRMSystem connected to EmailService on port 8080
[2025-06-26 10:01:36] INFO: AnalyticsEngine connected to WebPortal on port 443
[2025-06-26 10:01:38] WARN: CRMSystem failed to connect to NotificationEngine on port 5672
[2025-06-26 10:01:56] INFO: AuthGateway connected to MonitoringAgent on port 443
[2025-06-26 10:01:56] WARN: AuthGateway failed to connect to CRMSystem on port 8080
[2025-06-26 10:01:31] INFO: AdminConsole connected to CRMSystem on port 8080
[2025-06-26 10:01:56] WARN: MobileClient failed to connect to PaymentGateway on port 443
[2025-06-26 10:01:15] INFO: WebPortal connected to CustomerService on port 8080
[2025-06-26 10:01:50] WARN: AdminConsole failed to connect to AuthGateway on port 8080
[2025-06-26 10:01:31] WARN: SearchService failed to connect to AdminConsole on port 5672
[2025-06-26 10:01:55] INFO: CRMSystem connected to AuthGateway on port 443
[2025-06-26 10:01:52] INFO: MonitoringAgent connected to DataWarehouse on port 443
[2025-06-26 10:01:25] WARN: CRMSystem failed to connect to DataWarehouse on port 5672
[2025-06-26 10:01:39] WARN: WebPortal failed to connect to EmailService on port 5672
[2025-06-26 10:01:50] INFO: FileStorage connected to EmailService on port 8080
[2025-06-26 10:01:15] WARN: PushNotifier failed to connect to AnalyticsEngine on port 8080
[2025-06-26 10:01:46] WARN: SearchService failed to connect to FileStorage on port 8080
[2025-06-26 10:01:54] INFO: CustomerService connected to NotificationEngine on port 443
[2025-06-26 10:01:11] INFO: AdminConsole connected to CRMSystem on port 8080
[2025-06-26 10:01:24] INFO: PushNotifier connected to PaymentGateway on port 5672
[2025-06-26 10:01:48] WARN: DataWarehouse failed to connect to EmailService on port 443
[2025-06-26 10:01:34] INFO: MobileClient connected to NotificationEngine on port 5672
[2025-06-26 10:01:53] INFO: AdminConsole connected to CRMSystem on port 5672
[2025-06-26 10:01:14] WARN: MobileClient failed to connect to MonitoringAgent on port 5672
[2025-06-26 10:01:33] INFO: MobileClient connected to PushNotifier on port 443
[2025-06-26 10:01:45] WARN: AuthGateway failed to connect to CRMSystem on port 443
[2025-06-26 10:01:30] INFO: EmailService connected to WebPortal on port 8080
[2025-06-26 10:01:44] INFO: FileStorage connected to NotificationEngine on port 8080
[2025-06-26 10:01:28] INFO: MonitoringAgent connected to CustomerService on port 8080
[2025-06-26 10:01:20] WARN: AuthGateway failed to connect to NotificationEngine on port 443
[2025-06-26 10:01:28] WARN: AuthGateway failed to connect to AnalyticsEngine on port 443
[2025-06-26 10:01:44] WARN: FileStorage failed to connect to PushNotifier on port 443
[2025-06-26 10:01:23] INFO: MobileClient connected to DataWarehouse on port 5672
[2025-06-26 10:01:38] WARN: AuthGateway failed to connect to MobileClient on port 5672
[2025-06-26 10:01:54] INFO: MobileClient connected to AuthGateway on port 8080
[2025-06-26 10:01:34] INFO: EmailService connected to PaymentGateway on port 5672
[2025-06-26 10:01:11] INFO: AuthGateway connected to CRMSystem on port 8080